<option value='DSri'>Datuk Sri<option value='DiSr'>Datin Sri<option value='DATO'>Dato'<option value='DYMM'>DYMM<option value='Mrs_'>Mrs.<option value='Ms__'>Ms.<option value='Mr__'>Mr.<option value='Tun_'>Tun<option value='Dr._'>Dr.<option value='Mdm_'>Mdm.<option value='Dtuk'>Datuk<option value='Dtin'>Datin<option value='TSri'>Tan Sri<option value='PSri'>Puan Sri<option selected value='EMPT'>Select Title From List