<option value='A'>Morning News<option value='B'>Stock Idea<option value='C'>Econocmic Notes<option value='D'>Daily Technical Perspective<option value='E'>HLGS Pick of the Week<option value='F'>On Economy<option value='G'>Technical Outlook<option value='H'>Market & Economic Outlook<option value='I'>Equity Pointer<option value='J'>Economic Pointer<option value='K'>Technical Pointer<option value='L'>eProfile<option value='M'>Hard Notes<option value='N'>Soft Notes<option value='O'>Tele Notes<option value='P'>Net Notes<option value='Q'>Do You Know<option value='R'>Market Sense<option value='S'>Company Report