<option value='A'>Autos @ Auto Parts<option value='B'>Business & Consumer Services<option value='C'>Chemicals<option value='D'>Construction & Building Materials<option value='E'>Consumer Goods<option value='F'>eBusiness<option value='G'>Financial Services<option value='H'>Healthcare<option value='I'>Leisure<option value='J'>Machinery<option value='K'>Market Strategy<option value='L'>Media<option value='M'>Metals & Mining<option value='N'>Multi-Industry & Conglomerates<option value='O'>Oil & Gas<option value='P'>Paper & Forest Products<option value='Q'>Real Estate<option value='R'>Retailing<option value='S'>Technology<option value='T'>Telecommunications<option value='U'>Transportation<option value='V'>Utilities