<option value='OTR'>Other<option value='JOH'>Johor<option value='KED'>Kedah<option value='KEL'>Kelantan<option value='MEL'>Melaka<option value='SEM'>Negeri Sembilan<option value='PAH'>Pahang<option value='PRK'>Perak<option value='PER'>Perlis<option value='PEN'>Pulau Pinang<option value='SAB'>Sabah<option value='SAR'>Sarawak<option value='SEL'>Selangor<option value='TER'>Terengganu<option selected value='WPS'>Wilayah Persekutuan